  Determining projects to restore...
  All projects are up-to-date for restore.
C:\Users\Baska\source\repos\RealEstateMap2\Components\FilterSection.razor(1,22): error CS0234: The type or namespace name 'Shared' does not exist in the namespace 'RealEstateMap' (are you missing an assembly reference?) [C:\Users\Baska\source\repos\RealEstateMap2\RealEstateMap.csproj]
C:\Users\Baska\source\repos\RealEstateMap2\Components\MoreFiltersPanel.razor(1,22): error CS0234: The type or namespace name 'Shared' does not exist in the namespace 'RealEstateMap' (are you missing an assembly reference?) [C:\Users\Baska\source\repos\RealEstateMap2\RealEstateMap.csproj]

Build FAILED.

C:\Users\Baska\source\repos\RealEstateMap2\Components\FilterSection.razor(1,22): error CS0234: The type or namespace name 'Shared' does not exist in the namespace 'RealEstateMap' (are you missing an assembly reference?) [C:\Users\Baska\source\repos\RealEstateMap2\RealEstateMap.csproj]
C:\Users\Baska\source\repos\RealEstateMap2\Components\MoreFiltersPanel.razor(1,22): error CS0234: The type or namespace name 'Shared' does not exist in the namespace 'RealEstateMap' (are you missing an assembly reference?) [C:\Users\Baska\source\repos\RealEstateMap2\RealEstateMap.csproj]
    0 Warning(s)
    2 Error(s)

Time Elapsed 00:00:01.34
